// Jest Snapshot v1, https://goo.gl/fbAQLP

exports[`should correctly render LoginPage 1`] = `
<div
  className="box-layout"
>
  <div
    className="box-layout__box"
  >
    <h1
      className="box-layout__title"
    >
       Expensify
    </h1>
    <p>
      Welcome to here!
    </p>
    <div>
      <form
        className="form"
        onSubmit={[Function]}
      >
        <input
          autoFocus={true}
          className="text-input"
          onChange={[Function]}
          placeholder="e-mail address"
          required={true}
          type="email"
          value="default@default.com"
        />
        <input
          className="text-input"
          onChange={[Function]}
          placeholder="password"
          required={true}
          type="password"
          value="default"
        />
        <button
          className="button button--email"
        >
          Login with Email
        </button>
        <button
          className="button"
          onClick={[Function]}
        >
          Login with Google
        </button>
      </form>
    </div>
    <p>
      New to here? &gt;&gt;
      <Link
        className="list-item list-item--message"
        replace={false}
        to="/signup"
      >
         Signup
      </Link>
    </p>
  </div>
</div>
`;
